{
    "collectionId": "97096fb1-63ea-4f81-b296-8eb5da6ab6eb",
    "id": "0ab505e1-4ea9-405c-a43e-35a15f1e3647",
    "name": "Different Test Resource",
    "resourceType": "TestResourceType",
    "mediaType": "application/json",
    "created": "2022-11-01T10:54:01Z",
    "checksum": "T0ebujH3GFnZlDZRU4yN8hGYBOzrf1ig3iQXif8hSvQ=",
    "previousVersionId": null,
    "nextVersionId": null
}