{
    "collectionId": "97096fb1-63ea-4f81-b296-8eb5da6ab6eb",
    "id": "e6a69483-a1b1-42fa-b32a-55724a341d06",
    "name": "Test Resource",
    "resourceType": "TestResourceType",
    "mediaType": "application/json",
    "created": "2022-11-01T10:54:01Z",
    "checksum": "T0ebujH3GFnZlDZRU4yN8hGYBOzrf1ig3iQXif8hSvQ=",
    "previousVersionId": null,
    "nextVersionId": null
}