{
  "image": [
    {
      "denom": "ncheq",
      "min_amount": "20000000000",
      "max_amount": "20000000000"
    }
  ],
  "json": [
    {
      "denom": "ncheq",
      "min_amount": "5000000000",
      "max_amount": "5000000000"
    }
  ],
  "default": [
    {
      "denom": "ncheq",
      "min_amount": "10000000000",
      "max_amount": "10000000000"
    }
  ],
  "burn_factor": "0.990000000000000000"
}
