{
  "create_did": [
    {
      "denom": "ncheq",
      "min_amount": "100000000000",
      "max_amount": "100000000000"
    }
  ],
  "update_did": [
    {
      "denom": "ncheq",
      "min_amount": "50000000000",
      "max_amount": "50000000000"
    }
  ],
  "deactivate_did": [
    {
      "denom": "ncheq",
      "min_amount": "20000000000",
      "max_amount": "20000000000"
    }
  ],
  "burn_factor": "0.990000000000000000"
}
