{
    "didDoc": {
        "context": [
            "abc",
            "def"
        ],
        "id": "did:cheqd:testnet:7Hty8uGafcEsU7EpJEAPUC",
        "controller": [
            "did:cheqd:testnet:7Hty8uGafcEsU7EpJEAPUC"
        ],
        "verificationMethod": [
            {
                "id": "did:cheqd:testnet:7Hty8uGafcEsU7EpJEAPUC#key-1",
                "verificationMethodType": "Ed25519VerificationKey2020",
                "controller": "did:cheqd:testnet:7Hty8uGafcEsU7EpJEAPUC",
                "verificationMaterial": "z6MkeXDkMqPMfDgq8ZQkRzwRZAo8TviYAo5nr957E56nTXE1"
            },
            {
                "id": "did:cheqd:testnet:7Hty8uGafcEsU7EpJEAPUC#key-2",
                "verificationMethodType": "Ed25519VerificationKey2020",
                "controller": "did:cheqd:testnet:7Hty8uGafcEsU7EpJEAPUC",
                "verificationMaterial": "z6MkjnP7TsFXr32rX3EoD6uUEzE2Fp2pPcGZYtBCEKL1fUAT"
            },
            {
                "id": "did:cheqd:testnet:7Hty8uGafcEsU7EpJEAPUC#key-3",
                "verificationMethodType": "Ed25519VerificationKey2020",
                "controller": "did:cheqd:testnet:7Hty8uGafcEsU7EpJEAPUC",
                "verificationMaterial": "z6MkofRWLT37dkx57TYhETh2ytBzifDMvV6dpVrLC5ugXm17"
            },
            {
                "id": "did:cheqd:testnet:7Hty8uGafcEsU7EpJEAPUC#key-4",
                "verificationMethodType": "Ed25519VerificationKey2020",
                "controller": "did:cheqd:testnet:7Hty8uGafcEsU7EpJEAPUC",
                "verificationMaterial": "z6MkirAS5q6B4EQD1Vhe5vXFmorUpex6rLjuSH9eVYCHWK26"
            }
        ],
        "authentication": [
            "did:cheqd:testnet:7Hty8uGafcEsU7EpJEAPUC#key-1",
            "did:cheqd:testnet:7Hty8uGafcEsU7EpJEAPUC#key-2"
        ],
        "assertionMethod": [
            "did:cheqd:testnet:7Hty8uGafcEsU7EpJEAPUC#key-3"
        ],
        "capabilityInvocation": [
            "did:cheqd:testnet:7Hty8uGafcEsU7EpJEAPUC#key-4",
            "did:cheqd:testnet:7Hty8uGafcEsU7EpJEAPUC#key-1"
        ],
        "capabilityDelegation": [
            "did:cheqd:testnet:7Hty8uGafcEsU7EpJEAPUC#key-4",
            "did:cheqd:testnet:7Hty8uGafcEsU7EpJEAPUC#key-2"
        ],
        "keyAgreement": [
            "did:cheqd:testnet:7Hty8uGafcEsU7EpJEAPUC#key-1",
            "did:cheqd:testnet:7Hty8uGafcEsU7EpJEAPUC#key-2",
            "did:cheqd:testnet:7Hty8uGafcEsU7EpJEAPUC#key-3",
            "did:cheqd:testnet:7Hty8uGafcEsU7EpJEAPUC#key-4"
        ],
        "service": [
            {
                "id": "did:cheqd:testnet:7Hty8uGafcEsU7EpJEAPUC#service-1",
                "serviceType": "type-1",
                "serviceEndpoint": [
                    "endpoint-1"
                ]
            }
        ],
        "alsoKnownAs": [
            "alias-1",
            "alias-2"
        ]
    },
    "metadata": {
        "created": "2021-01-01T00:00:00Z",
        "updated": "2021-01-01T00:00:00Z",
        "deactivated": false,
        "versionId": "e604fc38-a7b3-4bf7-b0b0-053ad9b15957",
        "nextVersionId": "",
        "previousVersionId": ""
    }
}