{
    "collectionId": "97096fb1-63ea-4f81-b296-8eb5da6ab6eb",
    "id": "7f2589aa-1279-4bd7-b704-f868772b460a",
    "name": "Test Resource",
    "resourceType": "TestResourceType",
    "mediaType": "application/json",
    "created": "2022-11-01T10:54:01Z",
    "checksum": "T0ebujH3GFnZlDZRU4yN8hGYBOzrf1ig3iQXif8hSvQ=",
    "previousVersionId": null,
    "nextVersionId": null
}