{
    "didDoc": {
        "context": [
            "abc",
            "def"
        ],
        "id": "did:cheqd:testnet:7RPNZSCSaQXTdYwFmQy6ez",
        "controller": [
            "did:cheqd:testnet:7RPNZSCSaQXTdYwFmQy6ez"
        ],
        "verificationMethod": [
            {
                "id": "did:cheqd:testnet:7RPNZSCSaQXTdYwFmQy6ez#key-1",
                "verificationMethodType": "Ed25519VerificationKey2020",
                "controller": "did:cheqd:testnet:7RPNZSCSaQXTdYwFmQy6ez",
                "verificationMaterial": "z6Mkkc6v4z1jVWHBdaXR9TRSU9N9PSt1PK5czryfCCeYQ2pT"
            },
            {
                "id": "did:cheqd:testnet:7RPNZSCSaQXTdYwFmQy6ez#key-2",
                "verificationMethodType": "Ed25519VerificationKey2020",
                "controller": "did:cheqd:testnet:7RPNZSCSaQXTdYwFmQy6ez",
                "verificationMaterial": "z6MkhvhXhLy9KbcVeXRoViiBMPUR6qUrPaz9yJCqLY4AjPe2"
            },
            {
                "id": "did:cheqd:testnet:7RPNZSCSaQXTdYwFmQy6ez#key-3",
                "verificationMethodType": "Ed25519VerificationKey2020",
                "controller": "did:cheqd:testnet:7RPNZSCSaQXTdYwFmQy6ez",
                "verificationMaterial": "z6Mkfd2VEesedDybq5UPhGfSqDQABcDTz1hraLbQcRHavP8v"
            },
            {
                "id": "did:cheqd:testnet:7RPNZSCSaQXTdYwFmQy6ez#key-4",
                "verificationMethodType": "Ed25519VerificationKey2020",
                "controller": "did:cheqd:testnet:7RPNZSCSaQXTdYwFmQy6ez",
                "verificationMaterial": "z6MkhpM45nn2SvgyUBrRoQop7rqSHH43n8c7tSBib7cCc1jK"
            }
        ],
        "authentication": [
            "did:cheqd:testnet:7RPNZSCSaQXTdYwFmQy6ez#key-1",
            "did:cheqd:testnet:7RPNZSCSaQXTdYwFmQy6ez#key-2"
        ],
        "assertionMethod": [
            "did:cheqd:testnet:7RPNZSCSaQXTdYwFmQy6ez#key-3"
        ],
        "capabilityInvocation": [
            "did:cheqd:testnet:7RPNZSCSaQXTdYwFmQy6ez#key-4",
            "did:cheqd:testnet:7RPNZSCSaQXTdYwFmQy6ez#key-1"
        ],
        "capabilityDelegation": [
            "did:cheqd:testnet:7RPNZSCSaQXTdYwFmQy6ez#key-4",
            "did:cheqd:testnet:7RPNZSCSaQXTdYwFmQy6ez#key-2"
        ],
        "keyAgreement": [
            "did:cheqd:testnet:7RPNZSCSaQXTdYwFmQy6ez#key-1",
            "did:cheqd:testnet:7RPNZSCSaQXTdYwFmQy6ez#key-2",
            "did:cheqd:testnet:7RPNZSCSaQXTdYwFmQy6ez#key-3",
            "did:cheqd:testnet:7RPNZSCSaQXTdYwFmQy6ez#key-4"
        ],
        "service": [
            {
                "id": "did:cheqd:testnet:7RPNZSCSaQXTdYwFmQy6ez#service-1",
                "serviceType": "type-1",
                "serviceEndpoint": [
                    "endpoint-1"
                ]
            }
        ],
        "alsoKnownAs": [
            "alias-1",
            "alias-2"
        ]
    },
    "metadata": {
        "created": "2021-01-01T00:00:00Z",
        "updated": "2021-01-01T00:00:00Z",
        "deactivated": false,
        "versionId": "c57cb7a2-2b35-4d0d-b453-eda463ae58ef",
        "nextVersionId": "",
        "previousVersionId": ""
    }
}