{
    "resource": {
        "data": "eyAibWVzc2FnZSI6ICJoZWxsbyB3b3JsZCJ9"
    },
    "metadata": {
        "collectionId": "97096fb1-63ea-4f81-b296-8eb5da6ab6eb",
        "id": "7f2589aa-1279-4bd7-b704-f868772b460a",
        "name": "Test Resource",
        "resourceType": "test-resource-type",
        "mediaType": "application/json",
        "created": "2022-11-01T10:54:01Z",
        "checksum": "7b76f4738e36f7c7dcd5cd78f5a7db7f873cf7de9f6fddb8dbb69ee357b8eb8f5bf77e1c6b8f79f7dd5befce766fce797b20226d657373616765223a202268656c6c6f20776f726c64227d",
        "previousVersionId": null,
        "nextVersionId": null
    }
}