{
    "create_did": {
        "denom": "ncheq",
        "amount": "100000000000"
    },
    "update_did": {
        "denom": "ncheq",
        "amount": "50000000000"
    },
    "deactivate_did": {
        "denom": "ncheq",
        "amount": "20000000000"
    },
    "burn_factor": "0.600000000000000000"
}