{
    "Resource": {
        "Data": "eyAibWVzc2FnZSI6ICJoZWxsbyB3b3JsZCJ9"
    },
    "Metadata": {
        "Collection_Id": "97096fb1-63ea-4f81-b296-8eb5da6ab6eb",
        "Id": "7f2589aa-1279-4bd7-b704-f868772b460a",
        "Name": "Test Resource",
        "Resource_Type": "test-resource-type",
        "Media_Type": "application/json",
        "Created": "2022-11-01T10:54:01Z",
        "Checksum": "T0ebujH3GFnZlDZRU4yN8hGYBOzrf1ig3iQXif8hSvQ=",
        "Previous_Version_Id": null,
        "Next_Version_Id": null
    }
}